14:17:34 **** Incremental Build of configuration Debug for project mmult ****
make pre-build main-build 
a9-linaro-pre-build-step
' '
make: Nothing to be done for `main-build'.

14:17:35 Build Finished (took 157ms)

14:17:35 **** Clean-only build of configuration Release for project mmult ****
make clean 
rm -rf  ./src/helloworld.o ./src/lib_xmmult_hw.o ./src/main.o ./src/platform.o  ./src/helloworld.d ./src/lib_xmmult_hw.d ./src/main.d ./src/platform.d  mmult.elf.size  mmult.elf
' '
14:17:35 **** Incremental Build of configuration Release for project mmult ****
make pre-build main-build 
a9-linaro-pre-build-step
' '
'Building file: ../src/lib_xmmult_hw.c'
'Invoking: ARM v7 gcc compiler'
arm-none-eabi-gcc -Wall -O2 -c -fmessage-length=0 -MT"src/lib_xmmult_hw.o" -mcpu=cortex-a9 -mfpu=vfpv3 -mfloat-abi=hard -I../../mmult_bsp/ps7_cortexa9_0/include -MMD -MP -MF"src/lib_xmmult_hw.d" -MT"src/lib_xmmult_hw.o" -o "src/lib_xmmult_hw.o" "../src/lib_xmmult_hw.c"
'Finished building: ../src/lib_xmmult_hw.c'
' '
'Building file: ../src/main.c'
'Invoking: ARM v7 gcc compiler'
arm-none-eabi-gcc -Wall -O2 -c -fmessage-length=0 -MT"src/main.o" -mcpu=cortex-a9 -mfpu=vfpv3 -mfloat-abi=hard -I../../mmult_bsp/ps7_cortexa9_0/include -MMD -MP -MF"src/main.d" -MT"src/main.o" -o "src/main.o" "../src/main.c"
../src/main.c: In function 'main':
../src/main.c:107:6: warning: variable 'num_of_trials' set but not used [-Wunused-but-set-variable]
  int num_of_trials = 1;
      ^
../src/main.c:104:12: warning: unused variable 'k' [-Wunused-variable]
  int i, j, k;
            ^
'Finished building: ../src/main.c'
' '
'Building file: ../src/platform.c'
'Invoking: ARM v7 gcc compiler'
arm-none-eabi-gcc -Wall -O2 -c -fmessage-length=0 -MT"src/platform.o" -mcpu=cortex-a9 -mfpu=vfpv3 -mfloat-abi=hard -I../../mmult_bsp/ps7_cortexa9_0/include -MMD -MP -MF"src/platform.d" -MT"src/platform.o" -o "src/platform.o" "../src/platform.c"
'Finished building: ../src/platform.c'
' '
'Building target: mmult.elf'
'Invoking: ARM v7 gcc linker'
arm-none-eabi-gcc -mcpu=cortex-a9 -mfpu=vfpv3 -mfloat-abi=hard -Wl,-build-id=none -specs=Xilinx.spec -Wl,-T -Wl,../src/lscript.ld -L../../mmult_bsp/ps7_cortexa9_0/lib -o "mmult.elf"  ./src/lib_xmmult_hw.o ./src/main.o ./src/platform.o   -Wl,--start-group,-lxil,-lgcc,-lc,--end-group
'Finished building target: mmult.elf'
' '
'Invoking: ARM v7 Print Size'
arm-none-eabi-size mmult.elf  |tee "mmult.elf.size"
   text	   data	    bss	    dec	    hex	filename
  41372	   2812	  28488	  72672	  11be0	mmult.elf
'Finished building: mmult.elf.size'
' '
14:18:03 **** Incremental Build of configuration Debug for project mmult ****
make pre-build main-build 
a9-linaro-pre-build-step
' '
make: Nothing to be done for `main-build'.
14:19:12 **** Incremental Build of configuration Debug for project mmult ****
make pre-build main-build 
a9-linaro-pre-build-step
' '
make: Nothing to be done for `main-build'.
14:35:09 **** Incremental Build of configuration Debug for project mmult ****
make pre-build main-build 
a9-linaro-pre-build-step
' '
make: Nothing to be done for `main-build'.
