13:59:55 DEBUG : Logs will be stored at 'C:/Users/Student/vitis_workspace/IDE.log'.
14:00:07 INFO  : Launching XSCT server: xsct.bat -n  -interactive C:\Users\Student\vitis_workspace\temp_xsdb_launch_script.tcl
14:00:07 INFO  : Registering command handlers for Vitis TCF services
14:00:08 INFO  : Platform repository initialization has completed.
14:00:09 INFO  : XSCT server has started successfully.
14:00:10 INFO  : Successfully done setting XSCT server connection channel  
14:00:10 INFO  : plnx-install-location is set to ''
14:00:10 INFO  : Successfully done setting workspace for the tool. 
14:00:10 INFO  : Successfully done query RDI_DATADIR 
14:02:27 INFO  : Result from executing command 'getProjects': design_1_wrapper
14:02:27 INFO  : Result from executing command 'getPlatforms': xilinx_vck190_base_202320_1|C:/Xilinx/Vitis/2023.2/base_platforms/xilinx_vck190_base_202320_1/xilinx_vck190_base_202320_1.xpfm;xilinx_vck190_base_dfx_202320_1|C:/Xilinx/Vitis/2023.2/base_platforms/xilinx_vck190_base_dfx_202320_1/xilinx_vck190_base_dfx_202320_1.xpfm;xilinx_vek280_es1_base_202320_1|C:/Xilinx/Vitis/2023.2/base_platforms/xilinx_vek280_es1_base_202320_1/xilinx_vek280_es1_base_202320_1.xpfm;xilinx_vmk180_base_202320_1|C:/Xilinx/Vitis/2023.2/base_platforms/xilinx_vmk180_base_202320_1/xilinx_vmk180_base_202320_1.xpfm;xilinx_zcu102_base_202320_1|C:/Xilinx/Vitis/2023.2/base_platforms/xilinx_zcu102_base_202320_1/xilinx_zcu102_base_202320_1.xpfm;xilinx_zcu102_base_dfx_202320_1|C:/Xilinx/Vitis/2023.2/base_platforms/xilinx_zcu102_base_dfx_202320_1/xilinx_zcu102_base_dfx_202320_1.xpfm;xilinx_zcu104_base_202320_1|C:/Xilinx/Vitis/2023.2/base_platforms/xilinx_zcu104_base_202320_1/xilinx_zcu104_base_202320_1.xpfm
14:02:28 WARN  : An unexpected exception occurred in the module 'platform project logging'
14:02:28 INFO  : Platform 'design_1_wrapper' is added to custom repositories.
14:02:36 INFO  : Platform 'design_1_wrapper' is added to custom repositories.
14:03:47 INFO  : Result from executing command 'getProjects': design_1_wrapper
14:03:47 INFO  : Result from executing command 'getPlatforms': design_1_wrapper|C:/Users/Student/vitis_workspace/design_1_wrapper/export/design_1_wrapper/design_1_wrapper.xpfm;xilinx_vck190_base_202320_1|C:/Xilinx/Vitis/2023.2/base_platforms/xilinx_vck190_base_202320_1/xilinx_vck190_base_202320_1.xpfm;xilinx_vck190_base_dfx_202320_1|C:/Xilinx/Vitis/2023.2/base_platforms/xilinx_vck190_base_dfx_202320_1/xilinx_vck190_base_dfx_202320_1.xpfm;xilinx_vek280_es1_base_202320_1|C:/Xilinx/Vitis/2023.2/base_platforms/xilinx_vek280_es1_base_202320_1/xilinx_vek280_es1_base_202320_1.xpfm;xilinx_vmk180_base_202320_1|C:/Xilinx/Vitis/2023.2/base_platforms/xilinx_vmk180_base_202320_1/xilinx_vmk180_base_202320_1.xpfm;xilinx_zcu102_base_202320_1|C:/Xilinx/Vitis/2023.2/base_platforms/xilinx_zcu102_base_202320_1/xilinx_zcu102_base_202320_1.xpfm;xilinx_zcu102_base_dfx_202320_1|C:/Xilinx/Vitis/2023.2/base_platforms/xilinx_zcu102_base_dfx_202320_1/xilinx_zcu102_base_dfx_202320_1.xpfm;xilinx_zcu104_base_202320_1|C:/Xilinx/Vitis/2023.2/base_platforms/xilinx_zcu104_base_202320_1/xilinx_zcu104_base_202320_1.xpfm
14:03:47 INFO  : Checking for BSP changes to sync application flags for project 'ssd_ctrl'...
14:17:41 INFO  : Checking for BSP changes to sync application flags for project 'ssd_ctrl'...
14:26:53 INFO  : Checking for BSP changes to sync application flags for project 'ssd_ctrl'...
14:27:28 INFO  : Checking for BSP changes to sync application flags for project 'ssd_ctrl'...
14:28:47 INFO  : Checking for BSP changes to sync application flags for project 'ssd_ctrl'...
14:31:57 INFO  : Checking for BSP changes to sync application flags for project 'ssd_ctrl'...
14:32:51 INFO  : Checking for BSP changes to sync application flags for project 'ssd_ctrl'...
14:34:07 INFO  : Checking for BSP changes to sync application flags for project 'ssd_ctrl'...
14:34:50 INFO  : Checking for BSP changes to sync application flags for project 'ssd_ctrl'...
14:35:38 INFO  : Connected to target on host '127.0.0.1' and port '3121'.
14:35:38 INFO  : Jtag cable 'Digilent Zed 210248657233' is selected.
14:35:38 INFO  : 'jtag frequency' command is executed.
14:35:38 INFO  : Context for 'APU' is selected.
14:35:38 INFO  : System reset is completed.
14:35:41 INFO  : 'after 3000' command is executed.
14:35:42 INFO  : 'targets -set -filter {jtag_cable_name =~ "Digilent Zed 210248657233" && level==0 && jtag_device_ctx=="jsn-Zed-210248657233-23727093-0"}' command is executed.
14:35:44 INFO  : Device configured successfully with "C:/Users/Student/vitis_workspace/ssd_ctrl/_ide/bitstream/design_1_wrapper.bit"
14:35:44 INFO  : Context for 'APU' is selected.
14:35:44 INFO  : Hardware design and registers information is loaded from 'C:/Users/Student/vitis_workspace/design_1_wrapper/export/design_1_wrapper/hw/design_1_wrapper.xsa'.
14:35:44 INFO  : 'configparams force-mem-access 1' command is executed.
14:35:44 INFO  : Context for 'APU' is selected.
14:35:44 INFO  : Sourcing of 'C:/Users/Student/vitis_workspace/ssd_ctrl/_ide/psinit/ps7_init.tcl' is done.
14:35:44 INFO  : 'ps7_init' command is executed.
14:35:44 INFO  : 'ps7_post_config' command is executed.
14:35:44 INFO  : Context for processor 'ps7_cortexa9_0' is selected.
14:35:44 INFO  : The application 'C:/Users/Student/vitis_workspace/ssd_ctrl/Debug/ssd_ctrl.elf' is downloaded to processor 'ps7_cortexa9_0'.
14:35:44 INFO  : 'configparams force-mem-access 0' command is executed.
14:35:44 INFO  : ----------------XSDB Script----------------
connect -url tcp:127.0.0.1:3121
targets -set -nocase -filter {name =~"APU*"}
rst -system
after 3000
targets -set -filter {jtag_cable_name =~ "Digilent Zed 210248657233" && level==0 && jtag_device_ctx=="jsn-Zed-210248657233-23727093-0"}
fpga -file C:/Users/Student/vitis_workspace/ssd_ctrl/_ide/bitstream/design_1_wrapper.bit
targets -set -nocase -filter {name =~"APU*"}
loadhw -hw C:/Users/Student/vitis_workspace/design_1_wrapper/export/design_1_wrapper/hw/design_1_wrapper.xsa -mem-ranges [list {0x40000000 0xbfffffff}] -regs
configparams force-mem-access 1
targets -set -nocase -filter {name =~"APU*"}
source C:/Users/Student/vitis_workspace/ssd_ctrl/_ide/psinit/ps7_init.tcl
ps7_init
ps7_post_config
targets -set -nocase -filter {name =~ "*A9*#0"}
dow C:/Users/Student/vitis_workspace/ssd_ctrl/Debug/ssd_ctrl.elf
configparams force-mem-access 0
----------------End of Script----------------

14:35:44 INFO  : Context for processor 'ps7_cortexa9_0' is selected.
14:35:44 INFO  : 'con' command is executed.
14:35:44 INFO  : ----------------XSDB Script (After Launch)----------------
targets -set -nocase -filter {name =~ "*A9*#0"}
con
----------------End of Script----------------

14:35:44 INFO  : Launch script is exported to file 'C:\Users\Student\vitis_workspace\ssd_ctrl_system\_ide\scripts\systemdebugger_ssd_ctrl_system_standalone.tcl'
14:37:40 INFO  : Checking for BSP changes to sync application flags for project 'ssd_ctrl'...
14:37:48 INFO  : Disconnected from the channel tcfchan#4.
14:37:48 INFO  : Connected to target on host '127.0.0.1' and port '3121'.
14:37:48 INFO  : Jtag cable 'Digilent Zed 210248657233' is selected.
14:37:48 INFO  : 'jtag frequency' command is executed.
14:37:48 INFO  : Context for 'APU' is selected.
14:37:48 INFO  : System reset is completed.
14:37:51 INFO  : 'after 3000' command is executed.
14:37:51 INFO  : 'targets -set -filter {jtag_cable_name =~ "Digilent Zed 210248657233" && level==0 && jtag_device_ctx=="jsn-Zed-210248657233-23727093-0"}' command is executed.
14:37:53 INFO  : Device configured successfully with "C:/Users/Student/vitis_workspace/ssd_ctrl/_ide/bitstream/design_1_wrapper.bit"
14:37:53 INFO  : Context for 'APU' is selected.
14:37:53 INFO  : Hardware design and registers information is loaded from 'C:/Users/Student/vitis_workspace/design_1_wrapper/export/design_1_wrapper/hw/design_1_wrapper.xsa'.
14:37:53 INFO  : 'configparams force-mem-access 1' command is executed.
14:37:53 INFO  : Context for 'APU' is selected.
14:37:53 INFO  : Sourcing of 'C:/Users/Student/vitis_workspace/ssd_ctrl/_ide/psinit/ps7_init.tcl' is done.
14:37:54 INFO  : 'ps7_init' command is executed.
14:37:54 INFO  : 'ps7_post_config' command is executed.
14:37:54 INFO  : Context for processor 'ps7_cortexa9_0' is selected.
14:37:54 INFO  : The application 'C:/Users/Student/vitis_workspace/ssd_ctrl/Debug/ssd_ctrl.elf' is downloaded to processor 'ps7_cortexa9_0'.
14:37:54 INFO  : 'configparams force-mem-access 0' command is executed.
14:37:54 INFO  : ----------------XSDB Script----------------
connect -url tcp:127.0.0.1:3121
targets -set -nocase -filter {name =~"APU*"}
rst -system
after 3000
targets -set -filter {jtag_cable_name =~ "Digilent Zed 210248657233" && level==0 && jtag_device_ctx=="jsn-Zed-210248657233-23727093-0"}
fpga -file C:/Users/Student/vitis_workspace/ssd_ctrl/_ide/bitstream/design_1_wrapper.bit
targets -set -nocase -filter {name =~"APU*"}
loadhw -hw C:/Users/Student/vitis_workspace/design_1_wrapper/export/design_1_wrapper/hw/design_1_wrapper.xsa -mem-ranges [list {0x40000000 0xbfffffff}] -regs
configparams force-mem-access 1
targets -set -nocase -filter {name =~"APU*"}
source C:/Users/Student/vitis_workspace/ssd_ctrl/_ide/psinit/ps7_init.tcl
ps7_init
ps7_post_config
targets -set -nocase -filter {name =~ "*A9*#0"}
dow C:/Users/Student/vitis_workspace/ssd_ctrl/Debug/ssd_ctrl.elf
configparams force-mem-access 0
----------------End of Script----------------

14:37:54 INFO  : Context for processor 'ps7_cortexa9_0' is selected.
14:37:54 INFO  : 'con' command is executed.
14:37:54 INFO  : ----------------XSDB Script (After Launch)----------------
targets -set -nocase -filter {name =~ "*A9*#0"}
con
----------------End of Script----------------

14:37:54 INFO  : Launch script is exported to file 'C:\Users\Student\vitis_workspace\ssd_ctrl_system\_ide\scripts\systemdebugger_ssd_ctrl_system_standalone.tcl'
14:38:10 INFO  : Checking for BSP changes to sync application flags for project 'ssd_ctrl'...
14:38:17 INFO  : Disconnected from the channel tcfchan#5.
14:38:17 INFO  : Connected to target on host '127.0.0.1' and port '3121'.
14:38:17 INFO  : Jtag cable 'Digilent Zed 210248657233' is selected.
14:38:17 INFO  : 'jtag frequency' command is executed.
14:38:17 INFO  : Context for 'APU' is selected.
14:38:17 INFO  : System reset is completed.
14:38:20 INFO  : 'after 3000' command is executed.
14:38:20 INFO  : 'targets -set -filter {jtag_cable_name =~ "Digilent Zed 210248657233" && level==0 && jtag_device_ctx=="jsn-Zed-210248657233-23727093-0"}' command is executed.
14:38:22 INFO  : Device configured successfully with "C:/Users/Student/vitis_workspace/ssd_ctrl/_ide/bitstream/design_1_wrapper.bit"
14:38:22 INFO  : Context for 'APU' is selected.
14:38:22 INFO  : Hardware design and registers information is loaded from 'C:/Users/Student/vitis_workspace/design_1_wrapper/export/design_1_wrapper/hw/design_1_wrapper.xsa'.
14:38:22 INFO  : 'configparams force-mem-access 1' command is executed.
14:38:22 INFO  : Context for 'APU' is selected.
14:38:22 INFO  : Sourcing of 'C:/Users/Student/vitis_workspace/ssd_ctrl/_ide/psinit/ps7_init.tcl' is done.
14:38:22 INFO  : 'ps7_init' command is executed.
14:38:22 INFO  : 'ps7_post_config' command is executed.
14:38:22 INFO  : Context for processor 'ps7_cortexa9_0' is selected.
14:38:22 INFO  : The application 'C:/Users/Student/vitis_workspace/ssd_ctrl/Debug/ssd_ctrl.elf' is downloaded to processor 'ps7_cortexa9_0'.
14:38:22 INFO  : 'configparams force-mem-access 0' command is executed.
14:38:22 INFO  : ----------------XSDB Script----------------
connect -url tcp:127.0.0.1:3121
targets -set -nocase -filter {name =~"APU*"}
rst -system
after 3000
targets -set -filter {jtag_cable_name =~ "Digilent Zed 210248657233" && level==0 && jtag_device_ctx=="jsn-Zed-210248657233-23727093-0"}
fpga -file C:/Users/Student/vitis_workspace/ssd_ctrl/_ide/bitstream/design_1_wrapper.bit
targets -set -nocase -filter {name =~"APU*"}
loadhw -hw C:/Users/Student/vitis_workspace/design_1_wrapper/export/design_1_wrapper/hw/design_1_wrapper.xsa -mem-ranges [list {0x40000000 0xbfffffff}] -regs
configparams force-mem-access 1
targets -set -nocase -filter {name =~"APU*"}
source C:/Users/Student/vitis_workspace/ssd_ctrl/_ide/psinit/ps7_init.tcl
ps7_init
ps7_post_config
targets -set -nocase -filter {name =~ "*A9*#0"}
dow C:/Users/Student/vitis_workspace/ssd_ctrl/Debug/ssd_ctrl.elf
configparams force-mem-access 0
----------------End of Script----------------

14:38:22 INFO  : Context for processor 'ps7_cortexa9_0' is selected.
14:38:23 INFO  : 'con' command is executed.
14:38:23 INFO  : ----------------XSDB Script (After Launch)----------------
targets -set -nocase -filter {name =~ "*A9*#0"}
con
----------------End of Script----------------

14:38:23 INFO  : Launch script is exported to file 'C:\Users\Student\vitis_workspace\ssd_ctrl_system\_ide\scripts\systemdebugger_ssd_ctrl_system_standalone.tcl'
