#-----------------------------------------------------------
# xsim v2016.3 (64-bit)
# SW Build 1682563 on Mon Oct 10 19:07:27 MDT 2016
# IP Build 1681267 on Mon Oct 10 21:28:31 MDT 2016
# Start of session at: Wed Mar 19 13:34:38 2025
# Process ID: 12776
# Current directory: C:/Users/Student/mmult/solution1/sim/vhdl
# Command line: xsim.exe -mode tcl -source {xsim.dir/standalone_mmult/xsim_script.tcl}
# Log file: C:/Users/Student/mmult/solution1/sim/vhdl/xsim.log
# Journal file: C:/Users/Student/mmult/solution1/sim/vhdl\xsim.jou
#-----------------------------------------------------------
source xsim.dir/standalone_mmult/xsim_script.tcl
# xsim {standalone_mmult} -autoloadwcfg -tclbatch {standalone_mmult.tcl}
Vivado Simulator 2016.3
Time resolution is 1 ps
source standalone_mmult.tcl
## run all
Warning: OPMODE Input Warning : The OPMODE 0110X0X with CARRYINSEL  000 to DSP48E1 instance is invalid.
Time: 100010 ps  Iteration: 0  Process: /apatb_standalone_mmult_top/AESL_inst_standalone_mmult/standalone_mmult_bkb_U0/standalone_mmult_ap_fadd_3_full_dsp_32_u/U0/i_synth/addsub_op/ADDSUB/speed_op/dsp/OP/dsp48e1_body/ALIGN_ADD/DSP2/DSP/prcs_opmode_drc  File: /wrk/2016.3/continuous/2016_10_10_1682563/data/vhdl/src/unisims/primitive/DSP48E1.vhd
Note: simulation done!
Time: 3298115 ns  Iteration: 1  Process: /apatb_standalone_mmult_top/generate_sim_done_proc  File: C:/Users/Student/mmult/solution1/sim/vhdl/standalone_mmult.autotb.vhd
Failure: NORMAL EXIT (note: failure is to force the simulator to stop)
Time: 3298115 ns  Iteration: 1  Process: /apatb_standalone_mmult_top/generate_sim_done_proc  File: C:/Users/Student/mmult/solution1/sim/vhdl/standalone_mmult.autotb.vhd
$finish called at time : 3298115 ns
run: Time (s): cpu = 00:00:00 ; elapsed = 00:00:10 . Memory (MB): peak = 207.516 ; gain = 0.000
## quit
INFO: [Common 17-206] Exiting xsim at Wed Mar 19 13:34:50 2025...
