Copyright 1986-2016 Xilinx, Inc. All Rights Reserved.
-----------------------------------------------------------------------------------------------------------------------
| Tool Version : Vivado v.2016.3 (win64) Build 1682563 Mon Oct 10 19:07:27 MDT 2016
| Date         : Wed Mar 19 13:49:44 2025
| Host         : 102-040 running 64-bit major release  (build 9200)
| Command      : report_utilization -file system_wrapper_utilization_synth.rpt -pb system_wrapper_utilization_synth.pb
| Design       : system_wrapper
| Device       : 7z020clg484-1
| Design State : Synthesized
-----------------------------------------------------------------------------------------------------------------------

Utilization Design Information

Table of Contents
-----------------
1. Slice Logic
1.1 Summary of Registers by Type
2. Memory
3. DSP
4. IO and GT Specific
5. Clocking
6. Specific Feature
7. Primitives
8. Black Boxes
9. Instantiated Netlists

1. Slice Logic
--------------

+----------------------------+------+-------+-----------+-------+
|          Site Type         | Used | Fixed | Available | Util% |
+----------------------------+------+-------+-----------+-------+
| Slice LUTs*                | 4534 |     0 |     53200 |  8.52 |
|   LUT as Logic             | 4206 |     0 |     53200 |  7.91 |
|   LUT as Memory            |  328 |     0 |     17400 |  1.89 |
|     LUT as Distributed RAM |   22 |     0 |           |       |
|     LUT as Shift Register  |  306 |     0 |           |       |
| Slice Registers            | 5239 |     0 |    106400 |  4.92 |
|   Register as Flip Flop    | 5239 |     0 |    106400 |  4.92 |
|   Register as Latch        |    0 |     0 |    106400 |  0.00 |
| F7 Muxes                   |    1 |     0 |     26600 | <0.01 |
| F8 Muxes                   |    0 |     0 |     13300 |  0.00 |
+----------------------------+------+-------+-----------+-------+
* Warning! The Final LUT count, after physical optimizations and full implementation, is typically lower. Run opt_design after synthesis, if not already completed, for a more realistic count.


1.1 Summary of Registers by Type
--------------------------------

+-------+--------------+-------------+--------------+
| Total | Clock Enable | Synchronous | Asynchronous |
+-------+--------------+-------------+--------------+
| 0     |            _ |           - |            - |
| 0     |            _ |           - |          Set |
| 0     |            _ |           - |        Reset |
| 0     |            _ |         Set |            - |
| 0     |            _ |       Reset |            - |
| 0     |          Yes |           - |            - |
| 63    |          Yes |           - |          Set |
| 69    |          Yes |           - |        Reset |
| 155   |          Yes |         Set |            - |
| 4952  |          Yes |       Reset |            - |
+-------+--------------+-------------+--------------+


2. Memory
---------

+-------------------+------+-------+-----------+-------+
|     Site Type     | Used | Fixed | Available | Util% |
+-------------------+------+-------+-----------+-------+
| Block RAM Tile    |    8 |     0 |       140 |  5.71 |
|   RAMB36/FIFO*    |    7 |     0 |       140 |  5.00 |
|     RAMB36E1 only |    7 |       |           |       |
|   RAMB18          |    2 |     0 |       280 |  0.71 |
|     RAMB18E1 only |    2 |       |           |       |
+-------------------+------+-------+-----------+-------+
* Note: Each Block RAM Tile only has one FIFO logic available and therefore can accommodate only one FIFO36E1 or one FIFO18E1. However, if a FIFO18E1 occupies a Block RAM Tile, that tile can still accommodate a RAMB18E1


3. DSP
------

+----------------+------+-------+-----------+-------+
|    Site Type   | Used | Fixed | Available | Util% |
+----------------+------+-------+-----------+-------+
| DSPs           |    5 |     0 |       220 |  2.27 |
|   DSP48E1 only |    5 |       |           |       |
+----------------+------+-------+-----------+-------+


4. IO and GT Specific
---------------------

+-----------------------------+------+-------+-----------+--------+
|          Site Type          | Used | Fixed | Available |  Util% |
+-----------------------------+------+-------+-----------+--------+
| Bonded IOB                  |    0 |     0 |       200 |   0.00 |
| Bonded IPADs                |    0 |     0 |         2 |   0.00 |
| Bonded IOPADs               |  130 |     0 |       130 | 100.00 |
| PHY_CONTROL                 |    0 |     0 |         4 |   0.00 |
| PHASER_REF                  |    0 |     0 |         4 |   0.00 |
| OUT_FIFO                    |    0 |     0 |        16 |   0.00 |
| IN_FIFO                     |    0 |     0 |        16 |   0.00 |
| IDELAYCTRL                  |    0 |     0 |         4 |   0.00 |
| IBUFDS                      |    0 |     0 |       192 |   0.00 |
| PHASER_OUT/PHASER_OUT_PHY   |    0 |     0 |        16 |   0.00 |
| PHASER_IN/PHASER_IN_PHY     |    0 |     0 |        16 |   0.00 |
| IDELAYE2/IDELAYE2_FINEDELAY |    0 |     0 |       200 |   0.00 |
| ILOGIC                      |    0 |     0 |       200 |   0.00 |
| OLOGIC                      |    0 |     0 |       200 |   0.00 |
+-----------------------------+------+-------+-----------+--------+


5. Clocking
-----------

+------------+------+-------+-----------+-------+
|  Site Type | Used | Fixed | Available | Util% |
+------------+------+-------+-----------+-------+
| BUFGCTRL   |    1 |     0 |        32 |  3.13 |
| BUFIO      |    0 |     0 |        16 |  0.00 |
| MMCME2_ADV |    0 |     0 |         4 |  0.00 |
| PLLE2_ADV  |    0 |     0 |         4 |  0.00 |
| BUFMRCE    |    0 |     0 |         8 |  0.00 |
| BUFHCE     |    0 |     0 |        72 |  0.00 |
| BUFR       |    0 |     0 |        16 |  0.00 |
+------------+------+-------+-----------+-------+


6. Specific Feature
-------------------

+-------------+------+-------+-----------+-------+
|  Site Type  | Used | Fixed | Available | Util% |
+-------------+------+-------+-----------+-------+
| BSCANE2     |    0 |     0 |         4 |  0.00 |
| CAPTUREE2   |    0 |     0 |         1 |  0.00 |
| DNA_PORT    |    0 |     0 |         1 |  0.00 |
| EFUSE_USR   |    0 |     0 |         1 |  0.00 |
| FRAME_ECCE2 |    0 |     0 |         1 |  0.00 |
| ICAPE2      |    0 |     0 |         2 |  0.00 |
| STARTUPE2   |    0 |     0 |         1 |  0.00 |
| XADC        |    0 |     0 |         1 |  0.00 |
+-------------+------+-------+-----------+-------+


7. Primitives
-------------

+----------+------+----------------------+
| Ref Name | Used |  Functional Category |
+----------+------+----------------------+
| FDRE     | 4952 |         Flop & Latch |
| LUT3     | 1269 |                  LUT |
| LUT6     | 1147 |                  LUT |
| LUT5     |  848 |                  LUT |
| LUT4     |  814 |                  LUT |
| LUT2     |  698 |                  LUT |
| LUT1     |  304 |                  LUT |
| SRL16E   |  203 |   Distributed Memory |
| CARRY4   |  177 |           CarryLogic |
| FDSE     |  155 |         Flop & Latch |
| BIBUF    |  130 |                   IO |
| SRLC32E  |  103 |   Distributed Memory |
| FDCE     |   69 |         Flop & Latch |
| FDPE     |   63 |         Flop & Latch |
| RAMD32   |   32 |   Distributed Memory |
| RAMS32   |   10 |   Distributed Memory |
| RAMB36E1 |    7 |         Block Memory |
| DSP48E1  |    5 |     Block Arithmetic |
| RAMB18E1 |    2 |         Block Memory |
| PS7      |    1 | Specialized Resource |
| MUXF7    |    1 |                MuxFx |
| BUFG     |    1 |                Clock |
+----------+------+----------------------+


8. Black Boxes
--------------

+----------+------+
| Ref Name | Used |
+----------+------+


9. Instantiated Netlists
------------------------

+----------+------+
| Ref Name | Used |
+----------+------+


