==============================================================
File generated by Vivado(TM) HLS - High-Level Synthesis from C, C++ and SystemC
Version: 2016.3
Copyright (C) 1986-2016 Xilinx, Inc. All Rights Reserved.

==============================================================

@I [SYN-201] Setting up clock 'default' with a period of 10ns.
@I [HLS-10] Setting target device to 'xc7z020clg484-1'
@I [HLS-10] Analyzing design file 'Downloads/hls/mmult_accel.cpp' ... 
@I [HLS-10] Validating synthesis directives ...
@I [HLS-111] Finished Checking Pragmas Time (s): cpu = 00:00:01 ; elapsed = 00:00:05 . Memory (MB): peak = 93.426 ; gain = 44.543
@I [HLS-111] Finished Linking Time (s): cpu = 00:00:01 ; elapsed = 00:00:05 . Memory (MB): peak = 93.441 ; gain = 44.559
@I [HLS-10] Starting code transformations ...
@I [XFORM-603] Inlining function 'pop_stream<float, 4, 5, 5>' into 'wrapped_mmult_hw<float, 32, 1024, 4, 5, 5>' (Downloads/hls/mmult.h:152).
@I [XFORM-603] Inlining function 'pop_stream<float, 4, 5, 5>' into 'wrapped_mmult_hw<float, 32, 1024, 4, 5, 5>' (Downloads/hls/mmult.h:142).
@I [XFORM-603] Inlining function 'mmult_hw<float, 32>' into 'wrapped_mmult_hw<float, 32, 1024, 4, 5, 5>' (Downloads/hls/mmult.h:156).
@I [XFORM-603] Inlining function 'push_stream<float, 4, 5, 5>' into 'wrapped_mmult_hw<float, 32, 1024, 4, 5, 5>' (Downloads/hls/mmult.h:164).
@I [XFORM-603] Inlining function 'wrapped_mmult_hw<float, 32, 1024, 4, 5, 5>' into 'HLS_accel' (Downloads/hls/mmult_accel.cpp:27).
@I [HLS-111] Finished Standard Transforms Time (s): cpu = 00:00:01 ; elapsed = 00:00:06 . Memory (MB): peak = 102.523 ; gain = 53.641
@I [HLS-10] Checking synthesizability ...
@I [HLS-111] Finished Checking Synthesizability Time (s): cpu = 00:00:02 ; elapsed = 00:00:06 . Memory (MB): peak = 106.695 ; gain = 57.813
@W [XFORM-1103] Ignored data pack directive on non-struct variable 'OUTPUT_STREAM.data.V' (Downloads/hls/mmult_accel.cpp:20).
@W [XFORM-1103] Ignored data pack directive on non-struct variable 'INPUT_STREAM.data.V' (Downloads/hls/mmult_accel.cpp:20).
@I [XFORM-502] Unrolling all sub-loops inside loop 'L2' (Downloads/hls/mmult.h:55) in function 'HLS_accel' for pipelining.
@I [XFORM-501] Unrolling loop 'L3' (Downloads/hls/mmult.h:60) in function 'HLS_accel' completely.
@I [XFORM-101] Partitioning array 'a' (Downloads/hls/mmult.h:130) in dimension 2 completely.
@I [XFORM-101] Partitioning array 'b' (Downloads/hls/mmult.h:131) in dimension 1 completely.
@I [HLS-111] Finished Pre-synthesis Time (s): cpu = 00:00:02 ; elapsed = 00:00:06 . Memory (MB): peak = 133.867 ; gain = 84.984
@I [XFORM-541] Flattening a loop nest 'Loop-1' (Downloads/hls/mmult.h:137:13) in function 'HLS_accel'.
@I [XFORM-541] Flattening a loop nest 'Loop-2' (Downloads/hls/mmult.h:147:14) in function 'HLS_accel'.
@I [XFORM-541] Flattening a loop nest 'L1' (Downloads/hls/mmult.h:54:3) in function 'HLS_accel'.
@I [XFORM-541] Flattening a loop nest 'Loop-4' (Downloads/hls/mmult.h:159:15) in function 'HLS_accel'.
@I [HLS-111] Finished Architecture Synthesis Time (s): cpu = 00:00:02 ; elapsed = 00:00:06 . Memory (MB): peak = 135.586 ; gain = 86.703
@I [HLS-10] Starting hardware synthesis ...
@I [HLS-10] Synthesizing 'HLS_accel' ...
@I [HLS-10] ----------------------------------------------------------------
@I [HLS-10] -- Implementing module 'HLS_accel' 
@I [HLS-10] ----------------------------------------------------------------
@I [SCHED-11] Starting scheduling ...
@I [SCHED-61] Pipelining loop 'Loop 1'.
@I [SCHED-61] Pipelining result: Target II: 1, Final II: 1, Depth: 2.
@I [SCHED-61] Pipelining loop 'Loop 2'.
@I [SCHED-61] Pipelining result: Target II: 1, Final II: 1, Depth: 2.
@I [SCHED-61] Pipelining loop 'L1_L2'.
@I [SCHED-61] Pipelining result: Target II: 1, Final II: 1, Depth: 166.
@I [SCHED-61] Pipelining loop 'Loop 4'.
@I [SCHED-61] Pipelining result: Target II: 1, Final II: 1, Depth: 3.
@I [SCHED-11] Finished scheduling.
@I [HLS-111]  Elapsed time: 6.714 seconds; current allocated memory: 103.383 MB.
@I [BIND-100] Starting micro-architecture generation ...
@I [BIND-101] Performing variable lifetime analysis.
@I [BIND-101] Exploring resource sharing.
@I [BIND-101] Binding ...
@I [BIND-100] Finished micro-architecture generation.
@I [HLS-111]  Elapsed time: 0.187 seconds; current allocated memory: 103.257 MB.
@I [HLS-10] ----------------------------------------------------------------
@I [HLS-10] -- Generating RTL for module 'HLS_accel' 
@I [HLS-10] ----------------------------------------------------------------
@I [RTGEN-500] Setting interface mode on port 'HLS_accel/INPUT_STREAM_data_V' to 'axis' (register).
@I [RTGEN-500] Setting interface mode on port 'HLS_accel/INPUT_STREAM_keep_V' to 'axis' (register).
@I [RTGEN-500] Setting interface mode on port 'HLS_accel/INPUT_STREAM_strb_V' to 'axis' (register).
@I [RTGEN-500] Setting interface mode on port 'HLS_accel/INPUT_STREAM_user_V' to 'axis' (register).
@I [RTGEN-500] Setting interface mode on port 'HLS_accel/INPUT_STREAM_last_V' to 'axis' (register).
@I [RTGEN-500] Setting interface mode on port 'HLS_accel/INPUT_STREAM_id_V' to 'axis' (register).
@I [RTGEN-500] Setting interface mode on port 'HLS_accel/INPUT_STREAM_dest_V' to 'axis' (register).
@I [RTGEN-500] Setting interface mode on port 'HLS_accel/OUTPUT_STREAM_data_V' to 'axis' (register).
@I [RTGEN-500] Setting interface mode on port 'HLS_accel/OUTPUT_STREAM_keep_V' to 'axis' (register).
@I [RTGEN-500] Setting interface mode on port 'HLS_accel/OUTPUT_STREAM_strb_V' to 'axis' (register).
@I [RTGEN-500] Setting interface mode on port 'HLS_accel/OUTPUT_STREAM_user_V' to 'axis' (register).
@I [RTGEN-500] Setting interface mode on port 'HLS_accel/OUTPUT_STREAM_last_V' to 'axis' (register).
@I [RTGEN-500] Setting interface mode on port 'HLS_accel/OUTPUT_STREAM_id_V' to 'axis' (register).
@I [RTGEN-500] Setting interface mode on port 'HLS_accel/OUTPUT_STREAM_dest_V' to 'axis' (register).
@I [RTGEN-500] Setting interface mode on function 'HLS_accel' to 's_axilite & ap_ctrl_hs'.
@I [RTGEN-100] Bundling port 'return' to AXI-Lite port CONTROL_BUS.
@I [SYN-210] Renamed object name 'HLS_accel_fadd_32ns_32ns_32_5_full_dsp' to 'HLS_accel_fadd_32bkb' due to the length limit 20
@I [SYN-210] Renamed object name 'HLS_accel_fmul_32ns_32ns_32_4_max_dsp' to 'HLS_accel_fmul_32cud' due to the length limit 20
@I [RTGEN-100] Generating core module 'HLS_accel_fadd_32bkb': 32 instance(s).
@I [RTGEN-100] Generating core module 'HLS_accel_fmul_32cud': 32 instance(s).
@I [RTGEN-100] Finished creating RTL model for 'HLS_accel'.
@I [HLS-111]  Elapsed time: 0.438 seconds; current allocated memory: 110.957 MB.
@I [RTMG-278] Implementing memory 'HLS_accel_a_0_ram' using block RAMs.
@I [RTMG-278] Implementing memory 'HLS_accel_out_ram' using block RAMs.
@I [HLS-111] Finished generating all RTL models Time (s): cpu = 00:00:04 ; elapsed = 00:00:08 . Memory (MB): peak = 161.441 ; gain = 112.559
@I [SYSC-301] Generating SystemC RTL for HLS_accel.
@I [VHDL-304] Generating VHDL RTL for HLS_accel.
@I [VLOG-307] Generating Verilog RTL for HLS_accel.
@I [HLS-112] Total elapsed time: 8.417 seconds; peak allocated memory: 110.957 MB.
